The ``text_indentation`` module
===============================

Using ``text_indentation``
--------------------------

Import file
>>> text_indentation = __import__('5-text_indentation').text_indentation

Test text_indentation for regular text
>>> text_indentation("""Impossible Bitwise & of 0xff000000 is a lossy operation You lose the lower 24-bits permanently.""")
Impossible Bitwise & of 0xff000000 is a lossy operation You lose the lower 24-bits permanently.
<BLANKLINE>

Test text_indentation for regular text without trim characters
>>> text_indentation("Bill Gates")
Bill Gates

Test text_indentation for regular text without trim characters and contains left and right spaces
>>> text_indentation("     Bill Gates   ")
Bill Gates

Test text_indentation for complex text
>>> text_indentation("""Lorem ipsum dolor sit amet, consectetur adipiscing elit. \
... Quonam modo? Utrum igitur tibi litteram videor an totas paginas commovere? \
... Non autem hoc: igitur ne illud quidem. Fortasse id optimum, sed ubi illud: \
... Plus semper voluptatis? Teneo, inquit, finem illi videri nihil dolere. \
... Transfer idem ad modestiam vel temperantiam, quae est moderatio cupiditatum \
... rationi oboediens. Si id dicis, vicimus. Inde sermone vario sex illa a Dipylo \
... stadia confecimus. Sin aliud quid voles, postea. Quae animi affectio suum \
... cuique tribuens atque hanc, quam dico. Utinam quidem dicerent alium alio \
... beatiorem! Iam ruinas videres""")
Lorem ipsum dolor sit amet, consectetur adipiscing elit.
<BLANKLINE>
Quonam modo?
<BLANKLINE>
Utrum igitur tibi litteram videor an totas paginas commovere?
<BLANKLINE>
Non autem hoc:
<BLANKLINE>
igitur ne illud quidem.
<BLANKLINE>
Fortasse id optimum, sed ubi illud:
<BLANKLINE>
Plus semper voluptatis?
<BLANKLINE>
Teneo, inquit, finem illi videri nihil dolere.
<BLANKLINE>
Transfer idem ad modestiam vel temperantiam, quae est moderatio cupiditatum rationi oboediens.
<BLANKLINE>
Si id dicis, vicimus.
<BLANKLINE>
Inde sermone vario sex illa a Dipylo stadia confecimus.
<BLANKLINE>
Sin aliud quid voles, postea.
<BLANKLINE>
Quae animi affectio suum cuique tribuens atque hanc, quam dico.
<BLANKLINE>
Utinam quidem dicerent alium alio beatiorem! Iam ruinas videres

Test text_indentation for a text as integer
>>> text_indentation(100)
Traceback (most recent call last):
TypeError: text must be a string

Test text_indentation for a None text
>>> text_indentation(None)
Traceback (most recent call last):
TypeError: text must be a string

Test text_indentation for a list text
>>> text_indentation([1, 2])
Traceback (most recent call last):
TypeError: text must be a string

Test text_indentation for a dictionary text
>>> text_indentation({"f_name": "Bill", "l_name": "Gates"})
Traceback (most recent call last):
TypeError: text must be a string

Test calling text_indentation without paramters
>>> text_indentation()
Traceback (most recent call last):
TypeError: text_indentation() missing 1 required positional argument: 'text'
